===================

('fish', 'magenta', 'magenta') =>
one fish two fish magenta fish magenta fish

Map reduces to:

chars:43
lines:1
words:8

===================

('fish', 'magenta', 'chartreuse') =>
one fish two fish magenta fish chartreuse fish

Map reduces to:

chars:46
lines:1
words:8

===================

('fish', 'magenta', 'aqua') =>
one fish two fish magenta fish aqua fish

Map reduces to:

chars:40
lines:1
words:8

===================

('fish', 'magenta', 'red') =>
one fish two fish magenta fish red fish

Map reduces to:

chars:39
lines:1
words:8

===================

('fish', 'magenta', 'blue') =>
one fish two fish magenta fish blue fish

Map reduces to:

chars:40
lines:1
words:8

===================

('fish', 'chartreuse', 'magenta') =>
one fish two fish chartreuse fish magenta fish

Map reduces to:

chars:46
lines:1
words:8

===================

('fish', 'chartreuse', 'chartreuse') =>
one fish two fish chartreuse fish chartreuse fish

Map reduces to:

chars:49
lines:1
words:8

===================

('fish', 'chartreuse', 'aqua') =>
one fish two fish chartreuse fish aqua fish

Map reduces to:

chars:43
lines:1
words:8

===================

('fish', 'chartreuse', 'red') =>
one fish two fish chartreuse fish red fish

Map reduces to:

chars:42
lines:1
words:8

===================

('fish', 'chartreuse', 'blue') =>
one fish two fish chartreuse fish blue fish

Map reduces to:

chars:43
lines:1
words:8

===================

('fish', 'aqua', 'magenta') =>
one fish two fish aqua fish magenta fish

Map reduces to:

chars:40
lines:1
words:8

===================

('fish', 'aqua', 'chartreuse') =>
one fish two fish aqua fish chartreuse fish

Map reduces to:

chars:43
lines:1
words:8

===================

('fish', 'aqua', 'aqua') =>
one fish two fish aqua fish aqua fish

Map reduces to:

chars:37
lines:1
words:8

===================

('fish', 'aqua', 'red') =>
one fish two fish aqua fish red fish

Map reduces to:

chars:36
lines:1
words:8

===================

('fish', 'aqua', 'blue') =>
one fish two fish aqua fish blue fish

Map reduces to:

chars:37
lines:1
words:8

===================

('fish', 'red', 'magenta') =>
one fish two fish red fish magenta fish

Map reduces to:

chars:39
lines:1
words:8

===================

('fish', 'red', 'chartreuse') =>
one fish two fish red fish chartreuse fish

Map reduces to:

chars:42
lines:1
words:8

===================

('fish', 'red', 'aqua') =>
one fish two fish red fish aqua fish

Map reduces to:

chars:36
lines:1
words:8

===================

('fish', 'red', 'red') =>
one fish two fish red fish red fish

Map reduces to:

chars:35
lines:1
words:8

===================

('fish', 'red', 'blue') =>
one fish two fish red fish blue fish

Map reduces to:

chars:36
lines:1
words:8

===================

('fish', 'blue', 'magenta') =>
one fish two fish blue fish magenta fish

Map reduces to:

chars:40
lines:1
words:8

===================

('fish', 'blue', 'chartreuse') =>
one fish two fish blue fish chartreuse fish

Map reduces to:

chars:43
lines:1
words:8

===================

('fish', 'blue', 'aqua') =>
one fish two fish blue fish aqua fish

Map reduces to:

chars:37
lines:1
words:8

===================

('fish', 'blue', 'red') =>
one fish two fish blue fish red fish

Map reduces to:

chars:36
lines:1
words:8

===================

('fish', 'blue', 'blue') =>
one fish two fish blue fish blue fish

Map reduces to:

chars:37
lines:1
words:8

