===================

('aqua', 'cat') =>
one cat two cat red cat blue cat

Map reduces to:

aqua:1
chars:32
lines:1
words:8

===================

('aqua', 'dog') =>
one dog two dog red dog blue dog

Map reduces to:

aqua:1
chars:32
lines:1
words:8

===================

('blue', 'cat') =>
one cat two cat red cat blue cat

Map reduces to:

blue:1
chars:32
lines:1
words:8

===================

('blue', 'dog') =>
one dog two dog red dog blue dog

Map reduces to:

blue:1
chars:32
lines:1
words:8

