Approval Mismatch, received != approved
	Approved: <rootdir>/FileApproverTests.test_returns_error_when_files_are_different.approved.txt
	Received: <rootdir>/FileApproverTests.test_returns_error_when_files_are_different.received.txt 
