['a.approved.txt', 'b.approved.txt', 'c.approved.txt']
