-> in: method_with_inputs(number = 1, name = Susan) in test_simple_logger
<- out: method_with_inputs()
