MultipleExceptions: 
  ValueError: 1 is not odd!
  ValueError: 3 is not odd!
  ValueError: 5 is not odd!
