args: ('input1.value1', 'input2.value1') => 'placeholder'
args: ('input1.value1', 'input2.value2') => 'placeholder'
args: ('input1.value1', 'input2.value3') => 'placeholder'
args: ('input1.value2', 'input2.value1') => 'placeholder'
args: ('input1.value2', 'input2.value2') => 'placeholder'
args: ('input1.value2', 'input2.value3') => 'placeholder'
