args: ('Monday', '7:00') => 'Maybe'
args: ('Monday', '9:00') => 'Yes'
args: ('Monday', '11:00') => 'Yes'
args: ('Sunday', '7:00') => 'No'
args: ('Sunday', '9:00') => 'No'
args: ('Sunday', '11:00') => 'Maybe'
