42
***** DELETE ME TO APPROVE *****
vvvvv PREVIOUS RESULT vvvvv
41
