event: Toggle Off None
-> in: log_everything()test_simple_logger
  Sql: Select * from people
  variable: Nonsense = foo
  event: Testing
  message: Something random
  .........1..
  *******************************************************************************************
  division by zero
  *******************************************************************************************
<- out: log_everything()test_simple_logger
event: Toggle Off All
*******************************************************************************************
division by zero
*******************************************************************************************
event: Toggle Off Query
-> in: log_everything()test_simple_logger
  variable: Nonsense = foo
  event: Testing
  message: Something random
  .........1..
  *******************************************************************************************
  division by zero
  *******************************************************************************************
<- out: log_everything()test_simple_logger
event: Toggle Off Message
-> in: log_everything()test_simple_logger
  Sql: Select * from people
  variable: Nonsense = foo
  event: Testing
  .........1..
  *******************************************************************************************
  division by zero
  *******************************************************************************************
<- out: log_everything()test_simple_logger
event: Toggle Off Variable
-> in: log_everything()test_simple_logger
  Sql: Select * from people
  event: Testing
  message: Something random
  .........1..
  *******************************************************************************************
  division by zero
  *******************************************************************************************
<- out: log_everything()test_simple_logger
event: Toggle Off Hour Glass
-> in: log_everything()test_simple_logger
  Sql: Select * from people
  variable: Nonsense = foo
  event: Testing
  message: Something random
  *******************************************************************************************
  division by zero
  *******************************************************************************************
<- out: log_everything()test_simple_logger
event: Toggle Off Markers
Sql: Select * from people
variable: Nonsense = foo
event: Testing
message: Something random
.........1..
*******************************************************************************************
division by zero
*******************************************************************************************
event: Toggle Off Events
-> in: log_everything()test_simple_logger
  Sql: Select * from people
  variable: Nonsense = foo
  message: Something random
  .........1..
  *******************************************************************************************
  division by zero
  *******************************************************************************************
<- out: log_everything()test_simple_logger
