inputs

0) 1
1) 2
2) Fizz
3) 4
4) Buzz
5) Fizz
6) 7
7) 8
