Testing an optimized 134/387420489 scenarios:

args: [1, 11, 21, 31, 41, 51, 61, 71, 81] => 369
args: [2, 12, 22, 32, 42, 52, 62, 72, 81] => 377
args: [3, 13, 23, 33, 43, 53, 63, 73, 81] => 385
args: [4, 14, 24, 34, 44, 54, 64, 74, 81] => 393
args: [5, 15, 25, 35, 45, 55, 65, 75, 81] => 401
args: [6, 16, 26, 36, 46, 56, 66, 76, 81] => 409
args: [7, 17, 27, 37, 47, 57, 67, 77, 81] => 417
args: [8, 18, 28, 38, 48, 58, 68, 78, 81] => 425
args: [9, 19, 29, 39, 49, 59, 69, 79, 81] => 433
args: [9, 18, 27, 36, 45, 54, 63, 72, 82] => 406
args: [8, 17, 26, 35, 44, 53, 62, 71, 82] => 398
args: [7, 16, 25, 34, 43, 52, 61, 79, 82] => 399
args: [6, 15, 24, 33, 42, 51, 69, 78, 82] => 400
args: [5, 14, 23, 32, 41, 59, 68, 77, 82] => 401
args: [4, 13, 22, 31, 49, 58, 67, 76, 82] => 402
args: [3, 12, 21, 39, 48, 57, 66, 75, 82] => 403
args: [2, 11, 29, 38, 47, 56, 65, 74, 82] => 404
args: [1, 19, 28, 37, 46, 55, 64, 73, 82] => 405
args: [1, 18, 26, 34, 42, 57, 65, 73, 83] => 399
args: [2, 17, 25, 33, 49, 54, 68, 76, 83] => 407
args: [3, 16, 24, 31, 45, 59, 62, 77, 83] => 400
args: [4, 15, 28, 32, 47, 53, 66, 79, 83] => 407
args: [5, 19, 27, 38, 43, 51, 66, 71, 84] => 404
args: [6, 11, 22, 39, 44, 55, 63, 77, 84] => 401
args: [7, 12, 23, 35, 46, 58, 69, 74, 83] => 407
args: [8, 13, 29, 36, 41, 52, 64, 75, 83] => 401
args: [9, 14, 21, 37, 42, 56, 67, 78, 84] => 408
args: [1, 14, 25, 38, 48, 53, 69, 72, 85] => 405
args: [9, 13, 28, 35, 44, 51, 61, 72, 86] => 399
args: [8, 12, 24, 37, 49, 56, 63, 79, 86] => 414
args: [7, 15, 26, 39, 41, 54, 62, 73, 86] => 403
args: [6, 19, 21, 32, 45, 58, 65, 74, 86] => 406
args: [5, 18, 22, 33, 47, 59, 64, 71, 86] => 405
args: [4, 17, 29, 34, 46, 51, 63, 75, 85] => 404
args: [3, 11, 27, 35, 49, 52, 68, 78, 85] => 408
args: [2, 16, 23, 37, 48, 51, 67, 71, 87] => 402
args: [5, 16, 29, 31, 42, 54, 61, 78, 88] => 404
args: [4, 11, 26, 33, 45, 57, 69, 79, 88] => 412
args: [9, 12, 25, 31, 47, 55, 68, 73, 87] => 407
args: [1, 17, 23, 36, 43, 58, 62, 78, 89] => 407
args: [2, 15, 27, 34, 41, 58, 64, 76, 88] => 405
args: [3, 18, 25, 32, 46, 56, 67, 71, 88] => 406
args: [6, 14, 28, 31, 43, 57, 65, 72, 87] => 403
args: [7, 13, 21, 38, 44, 59, 66, 76, 87] => 411
args: [8, 19, 22, 34, 48, 56, 61, 77, 89] => 414
args: [8, 16, 21, 33, 46, 55, 69, 72, 89] => 409
args: [4, 18, 23, 39, 42, 52, 66, 74, 89] => 407
args: [5, 13, 24, 39, 46, 53, 68, 79, 87] => 414
args: [6, 17, 24, 38, 41, 55, 67, 79, 89] => 416
args: [2, 14, 26, 36, 49, 55, 61, 75, 84] => 402
args: [1, 15, 29, 37, 44, 52, 68, 77, 88] => 411
args: [9, 11, 23, 34, 45, 53, 64, 76, 89] => 404
args: [7, 19, 24, 36, 47, 57, 63, 78, 88] => 419
args: [3, 17, 22, 37, 41, 54, 65, 74, 87] => 400
args: [4, 12, 27, 36, 48, 59, 65, 73, 84] => 408
args: [6, 13, 27, 32, 48, 55, 62, 74, 88] => 405
args: [5, 12, 28, 34, 49, 51, 62, 76, 89] => 406
args: [8, 14, 27, 39, 47, 51, 65, 76, 88] => 415
args: [7, 18, 29, 35, 43, 55, 64, 76, 84] => 411
args: [9, 16, 22, 38, 46, 57, 62, 75, 86] => 411
args: [1, 16, 27, 32, 44, 56, 69, 75, 87] => 407
args: [2, 19, 26, 31, 44, 53, 67, 78, 85] => 405
args: [3, 15, 28, 36, 42, 59, 67, 74, 85] => 409
args: [6, 12, 29, 33, 45, 52, 67, 71, 85] => 400
args: [7, 11, 28, 33, 48, 54, 66, 75, 88] => 410
args: [3, 14, 29, 35, 47, 58, 66, 72, 89] => 413
args: [2, 13, 25, 37, 45, 57, 66, 78, 89] => 412
args: [1, 13, 26, 32, 47, 54, 69, 77, 84] => 403
args: [5, 17, 21, 36, 44, 52, 69, 73, 86] => 403
args: [4, 16, 21, 35, 41, 53, 63, 77, 87] => 397
args: [9, 15, 23, 31, 48, 56, 64, 72, 84] => 402
args: [8, 11, 25, 32, 42, 58, 63, 73, 87] => 399
args: [9, 17, 24, 32, 43, 58, 61, 76, 85] => 405
args: [6, 18, 23, 37, 49, 53, 61, 75, 88] => 410
args: [1, 12, 26, 38, 43, 59, 63, 74, 88] => 404
args: [7, 14, 22, 33, 45, 51, 68, 73, 89] => 402
args: [2, 18, 21, 34, 43, 59, 69, 77, 86] => 409
args: [4, 19, 25, 39, 41, 56, 62, 72, 85] => 403
args: [3, 19, 23, 38, 42, 55, 64, 79, 86] => 409
args: [8, 15, 22, 31, 43, 57, 66, 74, 85] => 401
args: [5, 11, 26, 37, 43, 58, 67, 72, 83] => 402
args: [1, 17, 28, 39, 45, 56, 64, 78, 87] => 415
args: [9, 16, 26, 33, 41, 58, 65, 77, 84] => 409
args: [1, 16, 24, 35, 49, 57, 66, 73, 88] => 409
args: [7, 15, 21, 38, 49, 54, 65, 71, 89] => 409
args: [6, 19, 25, 35, 42, 59, 68, 75, 89] => 418
args: [4, 18, 24, 31, 46, 52, 65, 78, 86] => 404
args: [3, 17, 26, 34, 48, 51, 68, 72, 84] => 403
args: [2, 14, 28, 39, 46, 52, 63, 71, 83] => 398
args: [4, 12, 27, 38, 44, 53, 61, 79, 83] => 401
args: [7, 16, 28, 32, 49, 57, 64, 77, 85] => 415
args: [1, 18, 22, 36, 41, 51, 69, 79, 85] => 402
args: [6, 19, 25, 34, 47, 52, 64, 76, 87] => 410
args: [9, 11, 24, 36, 48, 52, 68, 71, 86] => 405
args: [5, 13, 21, 34, 48, 56, 63, 76, 85] => 401
args: [8, 17, 23, 31, 47, 59, 61, 75, 85] => 406
args: [7, 12, 29, 31, 42, 53, 62, 79, 84] => 399
args: [4, 12, 21, 37, 43, 54, 68, 79, 85] => 403
args: [1, 12, 25, 33, 44, 57, 61, 74, 84] => 391
args: [9, 12, 29, 32, 41, 57, 66, 78, 86] => 410
args: [8, 16, 27, 39, 46, 54, 67, 73, 84] => 414
args: [2, 15, 24, 35, 46, 56, 61, 73, 87] => 399
args: [3, 16, 21, 34, 47, 55, 66, 78, 83] => 403
args: [3, 17, 27, 31, 42, 51, 69, 76, 89] => 405
args: [1, 19, 22, 35, 48, 54, 67, 79, 83] => 408
args: [9, 18, 25, 36, 44, 51, 65, 77, 87] => 412
args: [9, 13, 26, 37, 42, 59, 65, 71, 85] => 407
args: [9, 11, 26, 38, 46, 59, 62, 77, 87] => 415
args: [9, 14, 23, 38, 44, 57, 65, 79, 89] => 418
args: [9, 16, 26, 38, 45, 52, 68, 74, 84] => 412
args: [6, 12, 21, 37, 49, 54, 64, 76, 87] => 406
args: [9, 17, 24, 39, 43, 58, 66, 75, 88] => 419
args: [1, 14, 22, 33, 49, 53, 62, 74, 86] => 394
args: [6, 12, 29, 37, 48, 57, 69, 73, 87] => 418
args: [3, 12, 28, 34, 44, 58, 67, 71, 84] => 401
args: [4, 12, 26, 32, 49, 51, 64, 72, 89] => 399
args: [4, 12, 21, 33, 43, 56, 68, 77, 87] => 401
args: [4, 18, 21, 37, 42, 55, 62, 71, 85] => 395
args: [7, 19, 24, 33, 42, 56, 67, 72, 84] => 404
args: [5, 15, 28, 38, 41, 57, 69, 71, 87] => 411
args: [9, 15, 22, 38, 42, 57, 63, 76, 89] => 411
args: [9, 12, 22, 38, 42, 51, 67, 73, 83] => 397
args: [1, 12, 22, 31, 42, 59, 63, 78, 88] => 396
args: [1, 12, 27, 33, 42, 57, 68, 76, 86] => 402
args: [3, 12, 21, 39, 42, 51, 61, 77, 88] => 394
args: [6, 12, 25, 36, 47, 53, 65, 73, 85] => 402
args: [6, 12, 25, 38, 47, 51, 62, 74, 86] => 401
args: [6, 12, 23, 38, 45, 54, 61, 72, 88] => 399
args: [6, 12, 21, 38, 42, 59, 67, 72, 86] => 403
args: [6, 12, 21, 38, 42, 56, 67, 75, 83] => 400
args: [5, 12, 21, 38, 42, 58, 66, 77, 87] => 406
args: [5, 12, 21, 38, 42, 58, 67, 74, 87] => 404
args: [2, 12, 21, 38, 42, 58, 67, 79, 87] => 406
args: [8, 12, 21, 38, 45, 57, 67, 77, 87] => 412
