-> in: throw_exception()test_simple_logger
<- out: throw_exception()test_simple_logger
*******************************************************************************************
Exception: Everything is awflu!!?
*******************************************************************************************
