splitting code

before:
def other_code():
	pass
def testy_mctest():
after:
	verify(greeting(), options = Options().inline())

def greeting():
	# start of greeting() method
	return "using tabs"

tab: '	'

before:
def other_code():
    pass
def testy_mctest():
after:
    verify(greeting(), options = Options().inline())

def greeting():
    # start of greeting() method
    return "using spaces instead of tabs"

tab: '    '

before:
def other_code():
    pass
def testy_mctest():
after:
    verify(greeting(), options = Options().inline())

def greeting():
    # start of greeting() method
    return "not using docstring"

tab: '    '

