{
    "json": {
        "a": 0,
        "z": 26
    },
    "stuff": 1
}
