Game of Life

Initial:
. . . . . 
. . . . . 
. X X X . 
. . . . . 
. . . . . 


Start game_of_life:
. . . . . 
. . X . . 
. . X . . 
. . X . . 
. . . . . 


Frame #2:
. . . . . 
. . . . . 
. X X X . 
. . . . . 
. . . . . 


setting alive: *
setting dead: _

Frame #3:
_ _ _ _ _ 
_ _ * _ _ 
_ _ * _ _ 
_ _ * _ _ 
_ _ _ _ _ 


Frame #4:
_ _ _ _ _ 
_ _ _ _ _ 
_ * * * _ 
_ _ _ _ _ 
_ _ _ _ _ 


Frame #5:
_ _ _ _ _ 
_ _ * _ _ 
_ _ * _ _ 
_ _ * _ _ 
_ _ _ _ _ 


