(arg1: 1, arg2: 2) => 4
(arg1: 1, arg2: 4) => 6
(arg1: 3, arg2: 2) => 6
(arg1: 3, arg2: 4) => 8
