Initial:
. . . . . 
. . . . . 
. . X X X 
. . . . . 
. . . . . 


Frame #1:
. . . . . 
. . . X . 
. . . X . 
. . . X . 
. . . . . 


Frame #2:
. . . . . 
. . . . . 
. . X X X 
. . . . . 
. . . . . 


