{
    "name": "ReportWithWinMerge",
    "path": "C:/Program Files/WinMerge/WinMergeU.exe"
}
