[
    "BeyondCompare4x64",
    "BeyondCompare4",
    "BeyondCompare4Mac",
    "BeyondCompare3",
    "AraxisMergeWin",
    "AraxisMergeMac",
    "kdiff3",
    "DiffMerge",
    "PyCharm"
]
