['/Applications/PyCharm CE.app/Contents/MacOS/pycharm', 'diff', 'received.txt', 'approved.txt']
