expanding twos

0) 1
1) two
two) 1two
3) two1
4) 1two1
5) 131
6) twotwotwo
