guids

0) <guid_0>
1) <guid_1>
2) <guid_2>
3) <guid_0>
4) <guid_0> and text
