Test Passed: tests/utilities/passing_command_line_verify
