{
    "first_name":"Britney",
    "last_name": "Spears",
    "profession":"Singer"    
}
